exports[`Column should match snapshot 1`] = `
<div
  className="column" />
`;

exports[`Column should take regular element attributes 1`] = `
<div
  className="column my-class" />
`;
