// Jest Snapshot v1, https://goo.gl/fbAQLP

exports[`Anchor should have an id and href 1`] = `
<a
  href="#my-href"
  id="my-href"
/>
`;

exports[`Anchor should match snapshot 1`] = `<a />`;

exports[`Anchor should take regular element attributes 1`] = `
<a
  className="my-class"
/>
`;
