// Jest Snapshot v1, https://goo.gl/fbAQLP

exports[`Nav should accept regular element attributes 1`] = `
<ul
  className="nav my-class"
/>
`;

exports[`Nav should match snapshot 1`] = `
<ul
  className="nav"
/>
`;
