// Jest Snapshot v1, https://goo.gl/fbAQLP

exports[`PaginationDisplay should match snapshot with a text (Showing), item count and indication of diplaying 3 items 1`] = `
<p
  className="pagination-display margin-top-base"
>
  Showing 
  24
  -
  26
   of
   
  26
</p>
`;
