// Jest Snapshot v1, https://goo.gl/fbAQLP

exports[`Column should match snapshot 1`] = `
<div
  className="column"
/>
`;
